// Jest Snapshot v1, https://goo.gl/fbAQLP

exports[`renders correctly 1`] = `
<DocumentFragment>
  <div
    class="root"
  >
    <h1>
      skkdwkwke
    </h1>
  </div>
</DocumentFragment>
`;
